[    0.000000] Initializing cgroup subsys cpuset
[    0.000000] Initializing cgroup subsys cpu
[    0.000000] Initializing cgroup subsys cpuacct
[    0.000000] Linux version 4.4.0-178-generic (buildd@lgw01-amd64-017) (gcc version 5.4.0 20160609 (Ubuntu 5.4.0-6ubuntu1~16.04.12) ) #208-Ubuntu SMP Sun Apr 5 23:45:10 UTC 2020 (Ubuntu 4.4.0-178.208-generic 4.4.217)
[    0.000000] Command line: BOOT_IMAGE=/boot/vmlinuz-4.4.0-178-generic root=LABEL=cloudimg-rootfs ro console=tty1 console=ttyS0
[    0.000000] KERNEL supported cpus:
[    0.000000]   Intel GenuineIntel
[    0.000000]   AMD AuthenticAMD
[    0.000000]   Centaur CentaurHauls
[    0.000000] x86/fpu: xstate_offset[2]:  576, xstate_sizes[2]:  256
[    0.000000] x86/fpu: Supporting XSAVE feature 0x01: 'x87 floating point registers'
[    0.000000] x86/fpu: Supporting XSAVE feature 0x02: 'SSE registers'
[    0.000000] x86/fpu: Supporting XSAVE feature 0x04: 'AVX registers'
[    0.000000] x86/fpu: Enabled xstate features 0x7, context size is 832 bytes, using 'standard' format.
[    0.000000] e820: BIOS-provided physical RAM map:
[    0.000000] BIOS-e820: [mem 0x0000000000000000-0x000000000009fbff] usable
[    0.000000] BIOS-e820: [mem 0x000000000009fc00-0x000000000009ffff] reserved
[    0.000000] BIOS-e820: [mem 0x00000000000f0000-0x00000000000fffff] reserved
[    0.000000] BIOS-e820: [mem 0x0000000000100000-0x000000003ffeffff] usable
[    0.000000] BIOS-e820: [mem 0x000000003fff0000-0x000000003fffffff] ACPI data
[    0.000000] BIOS-e820: [mem 0x00000000fec00000-0x00000000fec00fff] reserved
[    0.000000] BIOS-e820: [mem 0x00000000fee00000-0x00000000fee00fff] reserved
[    0.000000] BIOS-e820: [mem 0x00000000fffc0000-0x00000000ffffffff] reserved
[    0.000000] NX (Execute Disable) protection: active
[    0.000000] SMBIOS 2.5 present.
[    0.000000] Hypervisor detected: KVM
[    0.000000] e820: last_pfn = 0x3fff0 max_arch_pfn = 0x400000000
[    0.000000] MTRR: Disabled
[    0.000000] x86/PAT: MTRRs disabled, skipping PAT initialization too.
[    0.000000] CPU MTRRs all blank - virtualized system.
[    0.000000] x86/PAT: Configuration [0-7]: WB  WT  UC- UC  WB  WT  UC- UC  
[    0.000000] found SMP MP-table at [mem 0x0009fff0-0x0009ffff] mapped at [ffff88000009fff0]
[    0.000000] Scanning 1 areas for low memory corruption
[    0.000000] RAMDISK: [mem 0x362e0000-0x37167fff]
[    0.000000] ACPI: Early table checksum verification disabled
[    0.000000] ACPI: RSDP 0x00000000000E0000 000024 (v02 VBOX  )
[    0.000000] ACPI: XSDT 0x000000003FFF0030 00003C (v01 VBOX   VBOXXSDT 00000001 ASL  00000061)
[    0.000000] ACPI: FACP 0x000000003FFF00F0 0000F4 (v04 VBOX   VBOXFACP 00000001 ASL  00000061)
[    0.000000] ACPI: DSDT 0x000000003FFF0470 002325 (v02 VBOX   VBOXBIOS 00000002 INTL 20100528)
[    0.000000] ACPI: FACS 0x000000003FFF0200 000040
[    0.000000] ACPI: FACS 0x000000003FFF0200 000040
[    0.000000] ACPI: APIC 0x000000003FFF0240 00005C (v02 VBOX   VBOXAPIC 00000001 ASL  00000061)
[    0.000000] ACPI: SSDT 0x000000003FFF02A0 0001CC (v01 VBOX   VBOXCPUT 00000002 INTL 20100528)
[    0.000000] No NUMA configuration found
[    0.000000] Faking a node at [mem 0x0000000000000000-0x000000003ffeffff]
[    0.000000] NODE_DATA(0) allocated [mem 0x3ffeb000-0x3ffeffff]
[    0.000000] kvm-clock: Using msrs 4b564d01 and 4b564d00
[    0.000000] kvm-clock: cpu 0, msr 0:3ffe3001, primary cpu clock
[    0.000000] kvm-clock: using sched offset of 4354886835 cycles
[    0.000000] clocksource: kvm-clock: mask: 0xffffffffffffffff max_cycles: 0x1cd42e4dffb, max_idle_ns: 881590591483 ns
[    0.000000] Zone ranges:
[    0.000000]   DMA      [mem 0x0000000000001000-0x0000000000ffffff]
[    0.000000]   DMA32    [mem 0x0000000001000000-0x000000003ffeffff]
[    0.000000]   Normal   empty
[    0.000000]   Device   empty
[    0.000000] Movable zone start for each node
[    0.000000] Early memory node ranges
[    0.000000]   node   0: [mem 0x0000000000001000-0x000000000009efff]
[    0.000000]   node   0: [mem 0x0000000000100000-0x000000003ffeffff]
[    0.000000] Initmem setup node 0 [mem 0x0000000000001000-0x000000003ffeffff]
[    0.000000] ACPI: PM-Timer IO Port: 0x4008
[    0.000000] IOAPIC[0]: apic_id 2, version 32, address 0xfec00000, GSI 0-23
[    0.000000] ACPI: INT_SRC_OVR (bus 0 bus_irq 0 global_irq 2 dfl dfl)
[    0.000000] ACPI: INT_SRC_OVR (bus 0 bus_irq 9 global_irq 9 low level)
[    0.000000] Using ACPI (MADT) for SMP configuration information
[    0.000000] smpboot: Allowing 2 CPUs, 0 hotplug CPUs
[    0.000000] PM: Registered nosave memory: [mem 0x00000000-0x00000fff]
[    0.000000] PM: Registered nosave memory: [mem 0x0009f000-0x0009ffff]
[    0.000000] PM: Registered nosave memory: [mem 0x000a0000-0x000effff]
[    0.000000] PM: Registered nosave memory: [mem 0x000f0000-0x000fffff]
[    0.000000] e820: [mem 0x40000000-0xfebfffff] available for PCI devices
[    0.000000] Booting paravirtualized kernel on KVM
[    0.000000] clocksource: refined-jiffies: mask: 0xffffffff max_cycles: 0xffffffff, max_idle_ns: 7645519600211568 ns
[    0.000000] setup_percpu: NR_CPUS:512 nr_cpumask_bits:512 nr_cpu_ids:2 nr_node_ids:1
[    0.000000] PERCPU: Embedded 33 pages/cpu @ffff88003fc00000 s95448 r8192 d31528 u1048576
[    0.000000] Built 1 zonelists in Node order, mobility grouping on.  Total pages: 257912
[    0.000000] Policy zone: DMA32
[    0.000000] Kernel command line: BOOT_IMAGE=/boot/vmlinuz-4.4.0-178-generic root=LABEL=cloudimg-rootfs ro console=tty1 console=ttyS0
[    0.000000] PID hash table entries: 4096 (order: 3, 32768 bytes)
[    0.000000] Memory: 997672K/1048120K available (8626K kernel code, 1336K rwdata, 4036K rodata, 1488K init, 1292K bss, 50448K reserved, 0K cma-reserved)
[    0.000000] SLUB: HWalign=64, Order=0-3, MinObjects=0, CPUs=2, Nodes=1
[    0.000000] Kernel/User page tables isolation: enabled
[    0.000000] Hierarchical RCU implementation.
[    0.000000] 	Build-time adjustment of leaf fanout to 64.
[    0.000000] 	RCU restricting CPUs from NR_CPUS=512 to nr_cpu_ids=2.
[    0.000000] RCU: Adjusting geometry for rcu_fanout_leaf=64, nr_cpu_ids=2
[    0.000000] NR_IRQS:33024 nr_irqs:440 16
[    0.000000] Console: colour VGA+ 80x25
[    0.000000] console [tty1] enabled
[    0.000000] console [ttyS0] enabled
[    0.000000] tsc: Detected 2299.998 MHz processor
[    0.207121] Calibrating delay loop (skipped) preset value.. 4599.99 BogoMIPS (lpj=9199992)
[    0.209263] pid_max: default: 32768 minimum: 301
[    0.210589] ACPI: Core revision 20150930
[    0.212434] ACPI: 2 ACPI AML tables successfully acquired and loaded
[    0.214553] Security Framework initialized
[    0.215695] Yama: becoming mindful.
[    0.216636] AppArmor: AppArmor initialized
[    0.217847] Dentry cache hash table entries: 131072 (order: 8, 1048576 bytes)
[    0.220756] Inode-cache hash table entries: 65536 (order: 7, 524288 bytes)
[    0.222758] Mount-cache hash table entries: 2048 (order: 2, 16384 bytes)
[    0.225004] Mountpoint-cache hash table entries: 2048 (order: 2, 16384 bytes)
[    0.228468] Initializing cgroup subsys io
[    0.230225] Initializing cgroup subsys memory
[    0.232029] Initializing cgroup subsys devices
[    0.233966] Initializing cgroup subsys freezer
[    0.235939] Initializing cgroup subsys net_cls
[    0.237959] Initializing cgroup subsys perf_event
[    0.239937] Initializing cgroup subsys net_prio
[    0.241397] Initializing cgroup subsys hugetlb
[    0.242792] Initializing cgroup subsys pids
[    0.253785] mce: CPU supports 0 MCE banks
[    0.255625] Last level iTLB entries: 4KB 1024, 2MB 1024, 4MB 1024
[    0.257448] Last level dTLB entries: 4KB 1024, 2MB 1024, 4MB 1024, 1GB 4
[    0.259308] Spectre V1 : Mitigation: usercopy/swapgs barriers and __user pointer sanitization
[    0.261844] Spectre V2 : Mitigation: Full generic retpoline
[    0.263402] Spectre V2 : Spectre v2 / SpectreRSB mitigation: Filling RSB on context switch
[    0.265652] Speculative Store Bypass: Vulnerable
[    0.267588] MDS: Mitigation: Clear CPU buffers
[    0.271316] Freeing SMP alternatives memory: 36K
[    0.280639] ftrace: allocating 32308 entries in 127 pages
[    0.407193] smpboot: APIC(0) Converting physical 0 to logical package 0
[    0.408958] smpboot: Max logical packages: 1
[    0.410408] x2apic enabled
[    0.411554] Switched APIC routing to physical x2apic.
[    0.415490] ..TIMER: vector=0x30 apic1=0 pin1=2 apic2=-1 pin2=-1
[    0.526030] smpboot: CPU0: Intel(R) Core(TM) i7-4650U CPU @ 1.70GHz (family: 0x6, model: 0x45, stepping: 0x1)
[    0.530433] Performance Events: unsupported p6 CPU model 69 no PMU driver, software events only.
[    0.547286] KVM setup paravirtual spinlock
[    0.549316] x86: Booting SMP configuration:
[    0.550666] .... node  #0, CPUs:      #1
[    0.551954] kvm-clock: cpu 1, msr 0:3ffe3041, secondary cpu clock
[    0.560712] mce: CPU supports 0 MCE banks
[    0.563565] x86: Booted up 1 node, 2 CPUs
[    0.565522] smpboot: Total of 2 processors activated (9199.99 BogoMIPS)
[    0.567873] devtmpfs: initialized
[    0.569959] evm: security.selinux
[    0.571082] evm: security.SMACK64
[    0.572230] evm: security.SMACK64EXEC
[    0.573268] evm: security.SMACK64TRANSMUTE
[    0.574827] evm: security.SMACK64MMAP
[    0.576453] evm: security.ima
[    0.577800] evm: security.capability
[    0.579998] clocksource: jiffies: mask: 0xffffffff max_cycles: 0xffffffff, max_idle_ns: 7645041785100000 ns
[    0.584047] futex hash table entries: 512 (order: 3, 32768 bytes)
[    0.587111] pinctrl core: initialized pinctrl subsystem
[    0.589469] RTC time: 11:01:08, date: 06/25/20
[    0.591399] NET: Registered protocol family 16
[    0.602889] cpuidle: using governor ladder
[    0.615534] cpuidle: using governor menu
[    0.617729] PCCT header not found.
[    0.619311] ACPI: bus type PCI registered
[    0.620777] acpiphp: ACPI Hot Plug PCI Controller Driver version: 0.5
[    0.623324] PCI: Using configuration type 1 for base access
[    0.639395] ACPI: Added _OSI(Module Device)
[    0.647100] ACPI: Added _OSI(Processor Device)
[    0.650925] ACPI: Added _OSI(3.0 _SCP Extensions)
[    0.654168] ACPI: Added _OSI(Processor Aggregator Device)
[    0.656856] ACPI: Executed 1 blocks of module-level executable AML code
[    0.660717] ACPI: Interpreter enabled
[    0.661812] ACPI: (supports S0 S5)
[    0.662902] ACPI: Using IOAPIC for interrupt routing
[    0.664496] PCI: Using host bridge windows from ACPI; if necessary, use "pci=nocrs" and report a bug
[28PI: PCI Root Bridge [PCI0] (domain 0000 [bus 00-ff])
[    1.078934] acpi PNP0A03:00: _OSC: OS supports [ASPM ClockPM Segments MSI]
[    1.082545] acpi PNP0A03:00: _OSC: not requesting OS control; OS requires [ExtendedConfig ASPM ClockPM MSI]
[    1.086635] acpi PNP0A03:00: fail to add MMCONFIG information, can't access extended PCI configuration space under this bridge.
[    1.091617] PCI host bridge to bus 0000:00
[    1.092870] pci_bus 0000:00: root bus resource [io  0x0000-0x0cf7 window]
[    1.094874] pci_bus 0000:00: root bus resource [io  0x0d00-0xffff window]
[    1.097115] pci_bus 0000:00: root bus resource [mem 0x000a0000-0x000bffff window]
[    1.099224] pci_bus 0000:00: root bus resource [mem 0x40000000-0xfdffffff window]
[    1.101431] pci_bus 0000:00: root bus resource [bus 00-ff]
[    1.105550] pci 0000:00:01.1: legacy IDE quirk: reg 0x10: [io  0x01f0-0x01f7]
[    1.107618] pci 0000:00:01.1: legacy IDE quirk: reg 0x14: [io  0x03f6]
[    1.109293] pci 0000:00:01.1: legacy IDE quirk: reg 0x18: [io  0x0170-0x0177]
[    1.111184] pci 0000:00:01.1: legacy IDE quirk: reg 0x1c: [io  0x0376]
[    1.152816] pci 0000:00:07.0: quirk: [io  0x4000-0x403f] claimed by PIIX4 ACPI
[    1.156650] pci 0000:00:07.0: quirk: [io  0x4100-0x410f] claimed by PIIX4 SMB
[    1.173751] ACPI: PCI Interrupt Link [LNKA] (IRQs 5 9 10 *11)
[    1.178459] ACPI: PCI Interrupt Link [LNKB] (IRQs 5 9 *10 11)
[    1.188017] ACPI: PCI Interrupt Link [LNKC] (IRQs 5 *9 10 11)
[    1.192968] ACPI: PCI Interrupt Link [LNKD] (IRQs 5 9 10 *11)
[    1.195742] ACPI: Enabled 2 GPEs in block 00 to 07
[    1.197606] vgaarb: setting as boot device: PCI:0000:00:02.0
[    1.199373] vgaarb: device added: PCI:0000:00:02.0,decodes=io+mem,owns=io+mem,locks=none
[    1.201890] vgaarb: loaded
[    1.203040] vgaarb: bridge control possible 0000:00:02.0
[    1.205092] SCSI subsystem initialized
[    1.206526] ACPI: bus type USB registered
[    1.208149] usbcore: registered new interface driver usbfs
[    1.209955] usbcore: registered new interface driver hub
[    1.212801] usbcore: registered new device driver usb
[    1.214990] PCI: Using ACPI for IRQ routing
[    1.218326] NetLabel: Initializing
[    1.219445] NetLabel:  domain hash size = 128
[    1.220809] NetLabel:  protocols = UNLABELED CIPSOv4
[    1.222379] NetLabel:  unlabeled traffic allowed by default
[    1.225183] amd_nb: Cannot enumerate AMD northbridges
[    1.227976] clocksource: Switched to clocksource kvm-clock
[    1.241939] AppArmor: AppArmor Filesystem Enabled
[    1.243432] pnp: PnP ACPI init
[    1.245690] pnp: PnP ACPI: found 3 devices
[    1.258212] clocksource: acpi_pm: mask: 0xffffff max_cycles: 0xffffff, max_idle_ns: 2085701024 ns
[    1.260547] NET: Registered protocol family 2
[    1.262230] TCP established hash table entries: 8192 (order: 4, 65536 bytes)
[    1.264037] TCP bind hash table entries: 8192 (order: 5, 131072 bytes)
[    1.265942] TCP: Hash tables configured (established 8192 bind 8192)
[    1.267525] UDP hash table entries: 512 (order: 2, 16384 bytes)
[    1.269260] UDP-Lite hash table entries: 512 (order: 2, 16384 bytes)
[    1.270782] NET: Registered protocol family 1
[    1.271898] pci 0000:00:00.0: Limiting direct PCI/PCI transfers
[    1.273648] pci 0000:00:01.0: Activating ISA DMA hang workarounds
[    1.276700] Unpacking initramfs...
[    1.540951] Freeing initrd memory: 14880K
[    1.543368] RAPL PMU detected, API unit is 2^-32 Joules, 4 fixed counters 10737418240 ms ovfl timer
[    1.550598] hw unit of domain pp0-core 2^-0 Joules
[    1.553535] hw unit of domain package 2^-0 Joules
[    1.556512] hw unit of domain dram 2^-0 Joules
[    1.559167] hw unit of domain pp1-gpu 2^-0 Joules
[    1.561790] clocksource: tsc: mask: 0xffffffffffffffff max_cycles: 0x212733415c7, max_idle_ns: 440795236380 ns
[    1.568876] platform rtc_cmos: registered platform RTC device (no PNP device found)
[    1.572921] Scanning for low memory corruption every 60 seconds
[    1.577200] audit: initializing netlink subsys (disabled)
[    1.580286] audit: type=2000 audit(1593082875.517:1): initialized
[    1.583819] Initialise system trusted keyring
[    1.586289] HugeTLB registered 2 MB page size, pre-allocated 0 pages
[    1.590166] zbud: loaded
[    1.591407] VFS: Disk quotas dquot_6.6.0
[    1.592656] VFS: Dquot-cache hash table entries: 512 (order 0, 4096 bytes)
[    1.594734] squashfs: version 4.0 (2009/01/31) Phillip Lougher
[    1.597456] fuse init (API version 7.23)
[    1.598707] Key type big_key registered
[    1.599774] Allocating IMA MOK and blacklist keyrings.
[    1.603245] Key type asymmetric registered
[    1.604631] Asymmetric key parser 'x509' registered
[    1.606238] Block layer SCSI generic (bsg) driver version 0.4 loaded (major 249)
[    1.608407] io scheduler noop registered
[    1.609819] io scheduler deadline registered (default)
[    1.611305] io scheduler cfq registered
[    1.612488] pci_hotplug: PCI Hot Plug PCI Core version: 0.5
[    1.614099] pciehp: PCI Express Hot Plug Controller Driver version: 0.4
[    1.616303] ACPI: AC Adapter [AC] (off-line)
[    1.617583] input: Power Button as /devices/LNXSYSTM:00/LNXPWRBN:00/input/input0
[    1.619587] ACPI: Power Button [PWRF]
[    1.621003] input: Sleep Button as /devices/LNXSYSTM:00/LNXSLPBN:00/input/input1
[    1.623168] ACPI: Sleep Button [SLPF]
[    1.626495] ACPI: Battery Slot [BAT0] (battery present)
[    1.628515] GHES: HEST is not enabled!
[    1.630503] Serial: 8250/16550 driver, 32 ports, IRQ sharing enabled
[    1.654491] 00:02: ttyS0 at I/O 0x3f8 (irq = 4, base_baud = 115200) is a 16550A
[    1.662927] Linux agpgart interface v0.103
[    1.667347] loop: module loaded
[    1.668983] scsi host0: ata_piix
[    1.670006] scsi host1: ata_piix
[    1.670991] ata1: PATA max UDMA/33 cmd 0x1f0 ctl 0x3f6 bmdma 0xd000 irq 14
[    1.672752] ata2: PATA max UDMA/33 cmd 0x170 ctl 0x376 bmdma 0xd008 irq 15
[    1.675265] libphy: Fixed MDIO Bus: probed
[    1.677327] tun: Universal TUN/TAP device driver, 1.6
[    1.679527] tun: (C) 1999-2004 Max Krasnyansky <maxk@qualcomm.com>
[    1.682433] PPP generic driver version 2.4.2
[    1.684892] ehci_hcd: USB 2.0 'Enhanced' Host Controller (EHCI) Driver
[    1.688015] ehci-pci: EHCI PCI platform driver
[    1.690354] ehci-platform: EHCI generic platform driver
[    1.691858] ohci_hcd: USB 1.1 'Open' Host Controller (OHCI) Driver
[    1.693700] ohci-pci: OHCI PCI platform driver
[    1.694986] ohci-platform: OHCI generic platform driver
[    1.696760] uhci_hcd: USB Universal Host Controller Interface driver
[    1.698422] i8042: PNP: PS/2 Controller [PNP0303:PS2K,PNP0f03:PS2M] at 0x60,0x64 irq 1,12
[    1.702288] serio: i8042 KBD port at 0x60,0x64 irq 1
[    1.703526] serio: i8042 AUX port at 0x60,0x64 irq 12
[    1.705420] mousedev: PS/2 mouse device common for all mice
[    1.707752] input: AT Translated Set 2 keyboard as /devices/platform/i8042/serio0/input/input2
[    1.711055] rtc_cmos rtc_cmos: rtc core: registered rtc_cmos as rtc0
[    1.712961] rtc_cmos rtc_cmos: alarms up to one day, 114 bytes nvram
[    1.715494] i2c /dev entries driver
[    1.716742] device-mapper: uevent: version 1.0.3
[    1.718389] device-mapper: ioctl: 4.34.0-ioctl (2015-10-28) initialised: dm-devel@redhat.com
[    1.720747] ledtrig-cpu: registered to indicate activity on CPUs
[    1.723392] NET: Registered protocol family 10
[    1.725592] NET: Registered protocol family 17
[    1.727680] Key type dns_resolver registered
[    1.730703] registered taskstats version 1
[    1.732609] Loading compiled-in X.509 certificates
[    1.735862] Loaded X.509 cert 'Build time autogenerated kernel key: f33c437cc9123d9712070bdfe932b55b24c56047'
[    1.740598] zswap: loaded using pool lzo/zbud
[    1.743956] Key type trusted registered
[    1.749449] Key type encrypted registered
[    1.750615] AppArmor: AppArmor sha1 policy hashing enabled
[    1.752116] ima: No TPM chip found, activating TPM-bypass!
[    1.754007] ima: Allocated hash algorithm: sha1
[    1.755252] evm: HMAC attrs: 0x1
[    1.756942]   Magic number: 8:7:25
[    1.758237] rtc_cmos rtc_cmos: setting system clock to 2020-06-25 11:01:10 UTC (1593082870)
[    1.761124] BIOS EDD facility v0.16 2004-Jun-25, 0 devices found
[    1.762773] EDD information not available.
[    1.853991] Freeing unused kernel memory: 1488K
[    1.855204] Write protecting the kernel read-only data: 14336k
[    1.857211] Freeing unused kernel memory: 1604K
[    1.858537] Freeing unused kernel memory: 60K
Loading, please wait...
starting version 229
[    1.879711] random: systemd-udevd: uninitialized urandom read (16 bytes read, 2 bits of entropy available)
[    1.880952] random: udevadm: uninitialized urandom read (16 bytes read, 2 bits of entropy available)
[    1.880990] random: udevadm: uninitialized urandom read (16 bytes read, 2 bits of entropy available)
[    1.891544] random: systemd-udevd: uninitialized urandom read (16 bytes read, 2 bits of entropy available)
[    1.893467] random: udevadm: uninitialized urandom read (16 bytes read, 2 bits of entropy available)
[    1.893513] random: udevadm: uninitialized urandom read (16 bytes read, 2 bits of entropy available)
[    1.893649] random: udevadm: uninitialized urandom read (16 bytes read, 2 bits of entropy available)
[    1.893700] random: udevadm: uninitialized urandom read (16 bytes read, 2 bits of entropy available)
[    1.893751] random: udevadm: uninitialized urandom read (16 bytes read, 2 bits of entropy available)
[    1.893801] random: udevadm: uninitialized urandom read (16 bytes read, 2 bits of entropy available)
[    1.948766] e1000: Intel(R) PRO/1000 Network Driver - version 7.3.21-k8-NAPI
[    1.951187] e1000: Copyright (c) 1999-2006 Intel Corporation.
[    1.954453] Fusion MPT base driver 3.04.20
[    1.957126] Copyright (c) 1999-2008 LSI Corporation
[    1.968978] Fusion MPT SPI Host driver 3.04.20
[    1.992868] AVX2 version of gcm_enc/dec engaged.
[    1.994677] AES CTR mode by8 optimization enabled
[    2.187003] input: ImExPS/2 Generic Explorer Mouse as /devices/platform/i8042/serio1/input/input4
[    2.596229] e1000 0000:00:03.0 eth0: (PCI:33MHz:32-bit) 02:7c:3b:f4:17:68
[    2.598093] e1000 0000:00:03.0 eth0: Intel(R) PRO/1000 Network Connection
[    2.600754] mptbase: ioc0: Initiating bringup
[    2.602594] e1000 0000:00:03.0 enp0s3: renamed from eth0
[    3.562658] ioc0: LSI53C1030 A0: Capabilities={Initiator}
[    5.654217] scsi host2: ioc0: LSI53C1030 A0, FwRev=00000000h, Ports=1, MaxQ=256, IRQ=20
[    7.636727] scsi 2:0:0:0: Direct-Access     VBOX     HARDDISK         1.0  PQ: 0 ANSI: 5
[    7.640175] scsi target2:0:0: Beginning Domain Validation
[    7.644631] scsi target2:0:0: Domain Validation skipping write tests
[    7.647275] scsi target2:0:0: Ending Domain Validation
[    7.648959] scsi target2:0:0: asynchronous
[    7.659869] scsi 2:0:1:0: Direct-Access     VBOX     HARDDISK         1.0  PQ: 0 ANSI: 5
[    7.662183] scsi target2:0:1: Beginning Domain Validation
[    7.666004] scsi target2:0:1: Domain Validation skipping write tests
[    7.667844] scsi target2:0:1: Ending Domain Validation
[    7.669383] scsi target2:0:1: asynchronous
[    7.682228] sd 2:0:0:0: [sda] 20971520 512-byte logical blocks: (10.7 GB/10.0 GiB)
[    7.682489] sd 2:0:0:0: Attached scsi generic sg0 type 0
[    7.688166] sd 2:0:0:0: [sda] Write Protect is off
[    7.690270] sd 2:0:1:0: Attached scsi generic sg1 type 0
[    7.691932] sd 2:0:1:0: [sdb] 20480 512-byte logical blocks: (10.5 MB/10.0 MiB)
[    7.692290] sd 2:0:0:0: [sda] Incomplete mode parameter data
[    7.692292] sd 2:0:0:0: [sda] Assuming drive cache: write through
[    7.697990] sd 2:0:1:0: [sdb] Write Protect is off
[    7.699770] sd 2:0:1:0: [sdb] Incomplete mode parameter data
[    7.701000]  sda: sda1
[    7.702246] sd 2:0:0:0: [sda] Attached SCSI disk
[    7.704086] sd 2:0:1:0: [sdb] Assuming drive cache: write through
[    7.709598] sd 2:0:1:0: [sdb] Attached SCSI disk
Begin: Loading essential drivers ... [    9.065990] md: linear personality registered for level -1
[    9.070552] md: multipath personality registered for level -4
[    9.076788] md: raid0 personality registered for level 0
[    9.084959] md: raid1 personality registered for level 1
[    9.160244] raid6: sse2x1   gen()  8929 MB/s
[    9.228059] raid6: sse2x1   xor()  6807 MB/s
[    9.296143] raid6: sse2x2   gen() 11022 MB/s
[    9.364226] raid6: sse2x2   xor()  7634 MB/s
[    9.432152] raid6: sse2x4   gen() 11402 MB/s
[    9.500033] raid6: sse2x4   xor()  3735 MB/s
[    9.568175] raid6: avx2x1   gen() 16304 MB/s
[    9.636467] raid6: avx2x2   gen() 12863 MB/s
[    9.704267] raid6: avx2x4   gen() 23000 MB/s
[    9.705475] raid6: using algorithm avx2x4 gen() 23000 MB/s
[    9.707462] raid6: using avx2x2 recovery algorithm
[    9.710142] xor: automatically using best checksumming function:
[    9.748022]    avx       : 25727.000 MB/sec
[    9.750558] async_tx: api initialized (async)
[    9.763610] md: raid6 personality registered for level 6
[    9.765019] md: raid5 personality registered for level 5
[    9.766353] md: raid4 personality registered for level 4
[    9.775100] md: raid10 personality registered for level 10
done.
Begin: Running /scripts/init-premount ... done.
Begin: Mounting root file system ... Begin: Running /scripts/local-top ... done.
Begin: Running /scripts/local-premount ... [    9.814366] Btrfs loaded
Scanning for Btrfs filesystems
done.
Warning: fsck not present, so skipping root file system
[    9.870292] EXT4-fs (sda1): mounted filesystem with ordered data mode. Opts: (null)
done.
Begin: Running /scripts/local-bottom ... done.
Begin: Running /scripts/init-bottom ... done.
[   10.050749] systemd[1]: systemd 229 running in system mode. (+PAM +AUDIT +SELINUX +IMA +APPARMOR +SMACK +SYSVINIT +UTMP +LIBCRYPTSETUP +GCRYPT +GNUTLS +ACL +XZ -LZ4 +SECCOMP +BLKID +ELFUTILS +KMOD -IDN)
[   10.056016] systemd[1]: Detected virtualization oracle.
[   10.057469] systemd[1]: Detected architecture x86-64.

Welcome to [1mUbuntu 16.04.6 LTS[0m!

[   10.073833] systemd[1]: Set hostname to <ubuntu>.
[   10.081928] systemd[1]: Initializing machine ID from random generator.
[   10.085066] systemd[1]: Installed transient /etc/machine-id file.
[   10.339836] systemd[1]: Reached target Swap.
[[0;32m  OK  [0m] Reached target Swap.
[   10.342746] systemd[1]: Listening on Journal Socket.
[[0;32m  OK  [0m] Listening on Journal Socket.
[   10.345757] systemd[1]: Reached target Encrypted Volumes.
[[0;32m  OK  [0m] Reached target Encrypted Volumes.
[   10.348711] systemd[1]: Reached target System Time Synchronized.
[[0;32m  OK  [0m] Reached target System Time Synchronized.
[   10.352140] systemd[1]: Listening on Device-mapper event daemon FIFOs.
[[0;32m  OK  [0m] Listening on Device-mapper event daemon FIFOs.
[   10.356247] systemd[1]: Created slice User and Session Slice.
[[0;32m  OK  [0m] Created slice User and Session Slice.
[   10.359838] systemd[1]: Started Forward Password Requests to Wall Directory Watch.
[[0;32m  OK  [0m] Started Forward Password Requests to Wall Directory Watch.
[   10.364222] systemd[1]: Started Trigger resolvconf update for networkd DNS.
[[0;32m  OK  [0m] Started Trigger resolvconf update for networkd DNS.
[   10.369151] systemd[1]: Listening on Syslog Socket.
[[0;32m  OK  [0m] Listening on Syslog Socket.
[   10.372965] systemd[1]: Listening on /dev/initctl Compatibility Named Pipe.
[[0;32m  OK  [0m] Listening on /dev/initctl Compatibility Named Pipe.
[   10.379508] systemd[1]: Listening on udev Control Socket.
[[0;32m  OK  [0m] Listening on udev Control Socket.
[   10.392675] systemd[1]: Listening on udev Kernel Socket.
[[0;32m  OK  [0m] Listening on udev Kernel Socket.
[   10.397460] systemd[1]: Listening on LVM2 metadata daemon socket.
[[0;32m  OK  [0m] Listening on LVM2 metadata daemon socket.
[   10.401415] systemd[1]: Created slice System Slice.
[[0;32m  OK  [0m] Created slice System Slice.
[   10.416471] systemd[1]: Mounting POSIX Message Queue File System...
         Mounting POSIX Message Queue File System...
[   10.421380] systemd[1]: Starting Remount Root and Kernel File Systems...
         Starting Remount Root and Kernel File Systems...
[   10.426502] systemd[1]: Created slice system-serial\x2dgetty.slice.

   10.429182] EXT4-fs (sda1): re-mounted. Opts: (null)
[[0;32m  OK  [0m] Created slice system-serial\x2dgetty.slice.
[   10.436680] systemd[1]: Starting Load Kernel Modules...
         Starting Load Kernel Modules...
[   10.441816] systemd[1]: Starting Set console keymap...
         Starting Set console keymap...
[   10.447124] systemd[1]: Starting Uncomplicated firewall...
         Starting Uncomplicated firewall...
[   10.452009] systemd[1]: Mounting Huge Pages File System...
[   10.454298] Loading iSCSI transport class v2.0-870.
         Mounting Huge Pages File System...
[   10.458624] systemd[1]: Starting Nameserver information manager...
         Starting Nameserver information manager...

   10.465461] iscsi: registered transport (tcp)
[   10.466979] systemd[1]: Starting Create list of required static device nodes for the current kernel...
         Starting Create list of required st... nodes for the current kernel...
[   10.473343] systemd[1]: Reached target Slices.
[[0;32m  OK  [0m] Reached target Slices.
[   10.477031] systemd[1]: Reached target User and Group Name Lookups.
[[0;32m  OK  [0m] Reached target User and Group Name Lookups.
[   10.484946] systemd[1]: Starting Monitoring of LVM2 mirrors, snapshots etc. using dmeventd or progress polling...
         Starting Monitoring of LVM2 mirrors... dmeventd or progress polling...
[   10.492230] systemd[1]: Listening on Journal Audit Socket.
[[0;32m  OK  [0m] Listening on Journal Audit Socket.
[   10.497382] systemd[1]: Set up automount Arbitrary Executable File Formats File System Automount Point.
[[0;32m  OK  [0m] Set up automount Arbitrary Executab...ats File System Automount Point.
[   10.503614] systemd[1]: Listening on Journal Socket (/dev/log).
[[0;32m  OK  [0m] Listening on Journal Socket (/dev/log).
[   10.510296] systemd[1]: Starting Journal Service...
         Starting Journal Service...
[   10.517197] systemd[1]: Listening on LVM2 poll daemon socket.
[[0;32m  OK  [0m] Listening on LVM2 poll daemon socket.
[   10.522266] systemd[1]: Mounting Debug File System...
         Mounting Debug File System...
[   10.529520] systemd[1]: Mounted POSIX Message Queue File System.
[[0;32m  OK  [0m] Mounted POSIX Message Queue File System.
[   10.536675] systemd[1]: Mounted Huge Pages File System.
[[0;32m  OK  [0m] Mounted Huge Pages File System.
[   10.541960] systemd[1]: Mounted Debug File System.
[[0;32m  OK  [0m] Mounted Debug File System.
[   10.547154] systemd[1]: Started Remount Root and Kernel File Systems.
[[0;32m  OK  [0m] Started Remount Root and Kernel File Systems.
[   10.557909] systemd[1]: Started Uncomplicated firewall.
[[0;32m  OK  [0m] Started Uncomplicated firewall.
[   10.562961] systemd[1]: Started Set console keymap.
[[0;32m  OK  [0m] Started Set console keymap.
[   10.575505] iscsi: registered transport (iser)
[   10.581597] systemd[1]: Started Load Kernel Modules.
[[0;32m  OK  [0m] Started Load Kernel Modules.
[   10.587617] systemd[1]: Started Create list of required static device nodes for the current kernel.
[[0;32m  OK  [0m] Started Create list of required sta...ce nodes for the current kernel.
[   10.597729] systemd[1]: Started Nameserver information manager.
[[0;32m  OK  [0m] Started Nameserver information manager.
[   10.610682] systemd[1]: Started Journal Service.
[[0;32m  OK  [0m] Started Journal Service.
[[0;32m  OK  [0m] Started LVM2 metadata daemon.
         Starting Create Static Device Nodes in /dev...
         Mounting FUSE Control File System...
         Starting Apply Kernel Variables...
         Starting udev Coldplug all Devices...
         Starting Flush Journal to Persistent Storage...
         Starting Load/Save Random Seed...
[[0;32m  OK  [0m] Mounted FUSE Control File System.
[[0;32m  OK  [0m] Started Create Static Device Nodes in /dev.
[[0;32m  OK  [0m] Started Apply Kernel Variables.
[[0;32m  OK  [0m] Started Load/Save Random Seed.
         Starting udev Kernel Device Manager...
[[0;32m  OK  [0m] Started Flush Journal to Persistent Storage.
[[0;32m  OK  [0m] Started udev Kernel Device Manager.
[[0;32m  OK  [0m] Started udev Coldplug all Devices.
[[0;32m  OK  [0m] Started Dispatch Password Requests to Console Directory Watch.
[[0;32m  OK  [0m] Found device /dev/ttyS0.
[[0;32m  OK  [0m] Listening on Load/Save RF Kill Switch Status /dev/rfkill Watch.
[[0;32m  OK  [0m] Started Monitoring of LVM2 mirrors,...ng dmeventd or progress polling.
[[0;32m  OK  [0m] Reached target Local File Systems (Pre).
[[0;32m  OK  [0m] Reached target Local File Systems.
         Starting Create Volatile Files and Directories...
         Starting Initial cloud-init job (pre-networking)...
         Starting LSB: AppArmor initialization...
         Starting Commit a transient machine-id on disk...
         Starting Set console font and keymap...
         Starting Tell Plymouth To Write Out Runtime Data...
[[0;32m  OK  [0m] Started Create Volatile Files and Directories.
[[0;32m  OK  [0m] Started Commit a transient machine-id on disk.
[[0;32m  OK  [0m] Started Tell Plymouth To Write Out Runtime Data.
         Starting Update UTMP about System Boot/Shutdown...
[[0;32m  OK  [0m] Started Update UTMP about System Boot/Shutdown.
[[0;32m  OK  [0m] Started Set console font and keymap.
[[0;32m  OK  [0m] Created slice system-getty.slice.
[   12.578301] cloud-init[602]: Cloud-init v. 19.4-33-gbb4131a2-0ubuntu1~16.04.1 running 'init-local' at Thu, 25 Jun 2020 11:01:21 +0000. Up 11.98 seconds.
[[0;32m  OK  [0m] Started LSB: AppArmor initialization.
[[0;32m  OK  [0m] Started Initial cloud-init job (pre-networking).
[[0;32m  OK  [0m] Reached target Network (Pre).
         Starting Raise network interfaces...
[[0;32m  OK  [0m] Started Raise network interfaces.
[[0;32m  OK  [0m] Reached target Network.
         Starting Initial cloud-init job (metadata service crawler)...
[   14.115363] cloud-init[948]: Cloud-init v. 19.4-33-gbb4131a2-0ubuntu1~16.04.1 running 'init' at Thu, 25 Jun 2020 11:01:22 +0000. Up 13.19 seconds.
[   14.119000] cloud-init[948]: ci-info: ++++++++++++++++++++++++++++++++++++++Net device info++++++++++++++++++++++++++++++++++++++
[   14.122183] cloud-init[948]: ci-info: +--------+------+----------------------------+---------------+--------+-------------------+
[   14.125308] cloud-init[948]: ci-info: | Device |  Up  |          Address           |      Mask     | Scope  |     Hw-Address    |
[   14.128476] cloud-init[948]: ci-info: +--------+------+----------------------------+---------------+--------+-------------------+
[   14.131569] cloud-init[948]: ci-info: | enp0s3 | True |         10.0.2.15          | 255.255.255.0 | global | 02:7c:3b:f4:17:68 |
[   14.134909] cloud-init[948]: ci-info: | enp0s3 | True | fe80::7c:3bff:fef4:1768/64 |       .       |  link  | 02:7c:3b:f4:17:68 |
[   14.138124] cloud-init[948]: ci-info: |   lo   | True |         127.0.0.1          |   255.0.0.0   |  host  |         .         |
[   14.141618] cloud-init[948]: ci-info: |   lo   | True |          ::1/128           |       .       |  host  |         .         |
[   14.144950] cloud-init[948]: ci-info: +--------+------+----------------------------+---------------+--------+-------------------+
[   14.149079] cloud-init[948]: ci-info: +++++++++++++++++++++++++++Route IPv4 info++++++++++++++++++++++++++++
[   14.152862] cloud-init[948]: ci-info: +-------+-------------+----------+---------------+-----------+-------+
[   14.156610] cloud-init[948]: ci-info: | Route | Destination | Gateway  |    Genmask    | Interface | Flags |
[   14.159926] cloud-init[948]: ci-info: +-------+-------------+----------+---------------+-----------+-------+
[   14.163445] cloud-init[948]: ci-info: |   0   |   0.0.0.0   | 10.0.2.2 |    0.0.0.0    |   enp0s3  |   UG  |
[   14.165652] cloud-init[948]: ci-info: |   1   |   10.0.2.0  | 0.0.0.0  | 255.255.255.0 |   enp0s3  |   U   |
[   14.167889] cloud-init[948]: ci-info: +-------+-------------+----------+---------------+-----------+-------+
[   14.170261] cloud-init[948]: ci-info: +++++++++++++++++++Route IPv6 info+++++++++++++++++++
[   14.172275] cloud-init[948]: ci-info: +-------+-------------+---------+-----------+-------+
[   14.174053] cloud-init[948]: ci-info: | Route | Destination | Gateway | Interface | Flags |
[   14.176029] cloud-init[948]: ci-info: +-------+-------------+---------+-----------+-------+
[   14.178419] cloud-init[948]: ci-info: |   0   |  fe80::/64  |    ::   |   enp0s3  |   U   |
[   14.180914] cloud-init[948]: ci-info: |   3   |   ff00::/8  |    ::   |   enp0s3  |   U   |
[   14.183248] cloud-init[948]: ci-info: +-------+-------------+---------+-----------+-------+
[   14.185624] cloud-init[948]: Generating public/private rsa key pair.
[   14.187537] cloud-init[948]: Your identification has been saved in /etc/ssh/ssh_host_rsa_key.
[   14.189952] cloud-init[948]: Your public key has been saved in /etc/ssh/ssh_host_rsa_key.pub.
[   14.192405] cloud-init[948]: The key fingerprint is:
[   14.193946] cloud-init[948]: SHA256:xz2frovOP34Qa2q8h3ALOeTFppsO7itb98BOkFqYV1A root@ubuntu-xenial
[   14.196881] cloud-init[948]: The key's randomart image is:
[   14.199235] cloud-init[948]: +---[RSA 2048]----+
[   14.201562] cloud-init[948]: |      ..E        |
[   14.203907] cloud-init[948]: |       .         |
[   14.206142] cloud-init[948]: |        ..       |
[   14.208779] cloud-init[948]: |     o o..+..    |
[   14.210947] cloud-init[948]: |    o =oS=o oo   |
[   14.212932] cloud-init[948]: |     + oB.. +o . |
[   14.214729] cloud-init[948]: |    . o =O = .o  |
[   14.216292] cloud-init[948]: |    .o =o+*.o..  |
[   14.217853] cloud-init[948]: |    .++ooo*===.  |
[   14.219407] cloud-init[948]: +----[SHA256]-----+
[   14.220979] cloud-init[948]: Generating public/private dsa key pair.
[   14.222891] cloud-init[948]: Your identification has been saved in /etc/ssh/ssh_host_dsa_key.
[   14.225285] cloud-init[948]: Your public key has been saved in /etc/ssh/ssh_host_dsa_key.pub.
[   14.227686] cloud-init[948]: The key fingerprint is:
[   14.229405] cloud-init[948]: SHA256:ZuPethI+X/DNrBRNGsdAniMXxOLOn4TGIa5cI0e2rcI root@ubuntu-xenial
[   14.231943] cloud-init[948]: The key's randomart image is:
[   14.233707] cloud-init[948]: +---[DSA 1024]----+
[   14.235457] cloud-init[948]: |           +=    |
[   14.237349] cloud-init[948]: |          ...=   |
[   14.238888] cloud-init[948]: |         ...* +  |
[   14.240379] cloud-init[948]: |        + oo B   |
[   14.241873] cloud-init[948]: |       +SB.oo .  |
[   14.243406] cloud-init[948]: |      .+B.Bo.=   |
[   14.244897] cloud-init[948]: |     o *.= o+.+  |
[   14.246783] cloud-init[948]: |      E.=..oo.   |
[   14.252048] cloud-init[948]: |       ..=+..    |
[   14.254613] cloud-init[948]: +----[SHA256]-----+
[   14.257079] cloud-init[948]: Generating public/private ecdsa key pair.
[   14.264963] cloud-init[948]: Your identification has been saved in /etc/ssh/ssh_host_ecdsa_key.
[   14.268413] cloud-init[948]: Your public key has been saved in /etc/ssh/ssh_host_ecdsa_key.pub.
[   14.271342] cloud-init[948]: The key fingerprint is:
[   14.273961] cloud-init[948]: SHA256:hXWuLnTAZ7XLnPtDlvEtIGDcaDZmiyJAjbsk7FIE5G4 root@ubuntu-xenial
[   14.276546] cloud-init[948]: The key's randomart image is:
[   14.278824] cloud-init[948]: +---[ECDSA 256]---+
[   14.280378] cloud-init[948]: |++o    . o. o    |
[   14.281933] cloud-init[948]: |o...   .@o.+ .   |
[   14.283445] cloud-init[948]: |.+.    B+++ o    |
[   14.284976] cloud-init[948]: |o+o . . .=.+.o.  |
[   14.286925] cloud-init[948]: |+E.. .  S o.=. +.|
[   14.289403] cloud-init[948]: |oo     . o   .= o|
[   14.291320] cloud-init[948]: |.       . . .o . |
[   14.292943] cloud-init[948]: |         .   ..  |
[   14.294434] cloud-init[948]: |              .. |
[   14.295882] cloud-init[948]: +----[SHA256]-----+
[   14.298404] cloud-init[948]: Generating public/private ed25519 key pair.
[   14.301161] cloud-init[948]: Your identification has been saved in /etc/ssh/ssh_host_ed25519_key.
[   14.304900] cloud-init[948]: Your public key has been saved in /etc/ssh/ssh_host_ed25519_key.pub.
[   14.308707] cloud-init[948]: The key fingerprint is:
[   14.310867] cloud-init[948]: SHA256:zEUBZsKDwAPLFcMPI2KpvgrSNAUzxLxveWkCb58+LZU root@ubuntu-xenial
[   14.313724] cloud-init[948]: The key's randomart image is:
[   14.315122] cloud-init[948]: +--[ED25519 256]--+
[   14.316407] cloud-init[948]: |.*O=.o. +.o.     |
[   14.317820] cloud-init[948]: |o=*Bo o+ .       |
[   14.319678] cloud-init[948]: |=..o=  .  .      |
[   14.321349] cloud-init[948]: |. o. . o .       |
[   14.322760] cloud-init[948]: |. o+ . .S.       |
[   14.324634] cloud-init[948]: | + .B + E        |
[   14.326117] cloud-init[948]: |o oo = +         |
[   14.327622] cloud-init[948]: |o.    = .        |
[   14.329232] cloud-init[948]: |o    ..o         |
[   14.330746] cloud-init[948]: +----[SHA256]-----+
[[0;32m  OK  [0m] Started Initial cloud-init job (metadata service crawler).
[[0;32m  OK  [0m] Reached target System Initialization.
[[0;32m  OK  [0m] Started Message of the Day.
[[0;32m  OK  [0m] Started Daily Cleanup of Temporary Directories.
[[0;32m  OK  [0m] Started ACPI Events Check.
[[0;32m  OK  [0m] Reached target Paths.
[[0;32m  OK  [0m] Listening on D-Bus System Message Bus Socket.
         Starting Socket activation for snappy daemon.
[[0;32m  OK  [0m] Started Daily apt download activities.
[[0;32m  OK  [0m] Started Daily apt upgrade and clean activities.
[[0;32m  OK  [0m] Listening on UUID daemon activation socket.
[[0;32m  OK  [0m] Reached target Timers.
[[0;32m  OK  [0m] Listening on ACPID Listen Socket.
         Starting LXD - unix socket.
[[0;32m  OK  [0m] Reached target Network is Online.
         Starting iSCSI initiator daemon (iscsid)...
[[0;32m  OK  [0m] Reached target Cloud-config availability.
[[0;32m  OK  [0m] Listening on Socket activation for snappy daemon.
[[0;32m  OK  [0m] Listening on LXD - unix socket.
[[0;32m  OK  [0m] Reached target Sockets.
[[0;32m  OK  [0m] Reached target Basic System.
[[0;32m  OK  [0m] Started ACPI event daemon.
[[0;32m  OK  [0m] Started Deferred execution scheduler.
[[0;32m  OK  [0m] Started FUSE filesystem for LXC.
[[0;32m  OK  [0m] Started D-Bus System Message Bus.
         Starting LXD - container startup/shutdown...
         Starting Accounts Service...
[[0;32m  OK  [0m] Started Regular background program processing daemon.
         Starting LSB: MD monitoring daemon...
         Starting Snappy daemon...
         Starting Virtualbox guest utils...
         Starting LSB: Record successful boot for GRUB...
         Starting System Logging Service...
         Starting /etc/rc.local Compatibility...
         Starting Pollinate to seed the pseudo random number generator...
         Starting Login Service...
[[0;32m  OK  [0m] Started /etc/rc.local Compatibility.
[[0;32m  OK  [0m] Started iSCSI initiator daemon (iscsid).
[[0;32m  OK  [0m] Started Login Service.
[[0;32m  OK  [0m] Started Unattended Upgrades Shutdown.
         Starting Login to default iSCSI targets...
[[0;32m  OK  [0m] Started System Logging Service.
[[0;32m  OK  [0m] Started LSB: MD monitoring daemon.
[[0;32m  OK  [0m] Started LSB: Record successful boot for GRUB.
         Starting Authenticate and Authorize Users to Run Privileged Tasks...
[[0;32m  OK  [0m] Started Login to default iSCSI targets.
[[0;32m  OK  [0m] Reached target Remote File Systems (Pre).
[[0;32m  OK  [0m] Reached target Remote File Systems.
         Starting LSB: daemon to balance interrupts for SMP systems...
         Starting Permit User Sessions...
         Starting LSB: Set the CPU Frequency Scaling governor to "ondemand"...
         Starting LSB: automatic crash report generation...
[[0;32m  OK  [0m] Started Authenticate and Authorize Users to Run Privileged Tasks.
[[0;32m  OK  [0m] Started Permit User Sessions.
[[0;32m  OK  [0m] Started Accounts Service.
         Starting Hold until boot process finishes up...
         Starting Terminate Plymouth Boot Screen...
[[0;32m  OK  [0m] Started Hold until boot process finishes up.
[[0;32m  OK  [0m] Started Terminate Plymouth Boot Screen.
[[0;32m  OK  [0m] Started Getty on tty1.
         Starting Set console scheme...
[[0;32m  OK  [0m] Started Serial Getty on ttyS0.
[[0;32m  OK  [0m] Reached target Login Prompts.
[[0;32m  OK  [0m] Started Set console scheme.
[[0;32m  OK  [0m] Started Virtualbox guest utils.
[[0;32m  OK  [0m] Started LXD - container startup/shutdown.
[[0;32m  OK  [0m] Started LSB: Set the CPU Frequency Scaling governor to "ondemand".
[[0;32m  OK  [0m] Started LSB: automatic crash report generation.
[[0;32m  OK  [0m] Started LSB: daemon to balance interrupts for SMP systems.
[[0;32m  OK  [0m] Started Snappy daemon.
         Starting Wait until snapd is fully seeded...
[[0;32m  OK  [0m] Started Pollinate to seed the pseudo random number generator.
         Starting OpenBSD Secure Shell server...
[[0;32m  OK  [0m] Started OpenBSD Secure Shell server.
[[0;32m  OK  [0m] Started Wait until snapd is fully seeded.
         Starting Apply the settings specified in cloud-config...
[[0;32m  OK  [0m] Reached target Multi-User System.
[[0;32m  OK  [0m] Reached target Graphical Interface.
         Starting Update UTMP about System Runlevel Changes...
[[0;32m  OK  [0m] Started Update UTMP about System Runlevel Changes.
[   17.643783] cloud-init[1303]: Generating locales (this might take a while)...
[[0;32m  OK  [0m] Created slice User Slice of vagrant.
         Starting User Manager for UID 1000...
[[0;32m  OK  [0m] Started Session 1 of user vagrant.
[[0;32m  OK  [0m] Started User Manager for UID 1000.
[   18.711822] cloud-init[1303]:   en_US.UTF-8... done
[   18.714311] cloud-init[1303]: Generation complete.
[   19.362239] cloud-init[1303]: Cloud-init v. 19.4-33-gbb4131a2-0ubuntu1~16.04.1 running 'modules:config' at Thu, 25 Jun 2020 11:01:27 +0000. Up 17.53 seconds.
[[0;32m  OK  [0m] Started Apply the settings specified in cloud-config.
         Starting Execute cloud user/final scripts...
ci-info: no authorized SSH keys fingerprints found for user ubuntu.
<14>Jun 25 11:01:29 ec2: 
<14>Jun 25 11:01:29 ec2: #############################################################
<14>Jun 25 11:01:29 ec2: -----BEGIN SSH HOST KEY FINGERPRINTS-----
<14>Jun 25 11:01:29 ec2: 1024 SHA256:ZuPethI+X/DNrBRNGsdAniMXxOLOn4TGIa5cI0e2rcI root@ubuntu-xenial (DSA)
<14>Jun 25 11:01:29 ec2: 256 SHA256:hXWuLnTAZ7XLnPtDlvEtIGDcaDZmiyJAjbsk7FIE5G4 root@ubuntu-xenial (ECDSA)
<14>Jun 25 11:01:29 ec2: 256 SHA256:zEUBZsKDwAPLFcMPI2KpvgrSNAUzxLxveWkCb58+LZU root@ubuntu-xenial (ED25519)
<14>Jun 25 11:01:29 ec2: 2048 SHA256:xz2frovOP34Qa2q8h3ALOeTFppsO7itb98BOkFqYV1A root@ubuntu-xenial (RSA)
<14>Jun 25 11:01:29 ec2: -----END SSH HOST KEY FINGERPRINTS-----
<14>Jun 25 11:01:29 ec2: #############################################################
-----BEGIN SSH HOST KEY KEYS-----
ecdsa-sha2-nistp256 AAAAE2VjZHNhLXNoYTItbmlzdHAyNTYAAAAIbmlzdHAyNTYAAABBBCSKNuHGRzZCtpOO953wZNaone3z86aQqiX5laLn9SWognxAnvLr3WP2u7ZXq9bySIGx521Su5v3YhUKQ4C8ABk= root@ubuntu-xenial
ssh-ed25519 AAAAC3NzaC1lZDI1NTE5AAAAIPGUsJfBgJQ0P+LRSeKIxryVFyj7qW4ZlkC4CWvs6qTQ root@ubuntu-xenial
ssh-rsa AAAAB3NzaC1yc2EAAAADAQABAAABAQDBOM0yg4IdFybnOelTzEPj1Pfl5LQH8K4tdNB5MpPxXNWxRyo99GcUJEhupJboDBvUB1YMux67wU0Cs60bwWfq6E2QRjNaUuNCQZVR/ocOdqjyeP4ZiCH++i8kDjRFq6kOfCnlhJlwbciUbw/2Lxf4wNOyqJVLpuBATI9tNkAmW1odc/lTuYTpta2YwubmXWQvCuhAaAniPXY9oiLLBngUcDRDqouveGV7ioKOQuk/kJaLuzyWlwhczA+MQAYKA1ia0SKEKngKx3TM/OhHD+LaGJYw//pw6IwVrz2vBTjqyUkgHnD6attiByKZR7KkGUaxyqu9zxpaYSNsjyvgBzaB root@ubuntu-xenial
-----END SSH HOST KEY KEYS-----
[   20.023809] cloud-init[1428]: Cloud-init v. 19.4-33-gbb4131a2-0ubuntu1~16.04.1 running 'modules:final' at Thu, 25 Jun 2020 11:01:29 +0000. Up 19.82 seconds.
[   20.025627] cloud-init[1428]: ci-info: no authorized SSH keys fingerprints found for user ubuntu.
[   20.025743] cloud-init[1428]: Cloud-init v. 19.4-33-gbb4131a2-0ubuntu1~16.04.1 finished at Thu, 25 Jun 2020 11:01:29 +0000. Datasource DataSourceNoCloud [seed=/dev/sdb][dsmode=net].  Up 20.01 seconds

Ubuntu 16.04.6 LTS ubuntu-xenial ttyS0

ubuntu-xenial login: 